// Jest Snapshot v1, https://goo.gl/fbAQLP

exports[`<Switch /> should render the Switch 1`] = `
<div
  style="position: relative; display: inline-block; text-align: left; opacity: 1; direction: ltr; border-radius: 30px; transition: opacity 0.25s; user-select: none;"
>
  <div
    class="react-switch-bg"
    style="height: 60px; width: 60.01px; margin: 0px; position: relative; background: rgb(255, 255, 255); border-radius: 0; cursor: pointer; transition: background 0.25s;"
  />
  <div
    class="react-switch-handle"
    style="height: 20px; width: 20px; background: rgb(255, 255, 255); display: inline-block; cursor: pointer; border-radius: -1px; position: absolute; transform: translateX(20.009999999999998px); top: 20px; outline: 0; border: 0px; transition: background-color 0.25s, transform 0.25s, box-shadow 0.15s;"
  >
    <div
      style="height: 20px; width: 20px; opacity: 0; position: absolute; left: 0px; top: 0px; pointer-events: none; transition: opacity 0.25s;"
    >
      <svg
        fill="none"
        height="24"
        stroke="#fff"
        stroke-linecap="round"
        stroke-linejoin="round"
        stroke-width="2"
        width="24"
        xmlns="http://www.w3.org/2000/svg"
      >
        <path
          d="M21 12.79A9 9 0 1111.21 3 7 7 0 0021 12.79z"
        />
      </svg>
    </div>
    <div
      style="height: 20px; width: 20px; opacity: 1; position: absolute; left: 0px; top: 0px; pointer-events: none; transition: opacity 0.25s;"
    >
      <svg
        fill="none"
        height="24"
        stroke="currentColor"
        stroke-linecap="round"
        stroke-linejoin="round"
        stroke-width="2"
        width="24"
        xmlns="http://www.w3.org/2000/svg"
      >
        <circle
          cx="12"
          cy="12"
          r="5"
        />
        <path
          d="M12 1v2M12 21v2M4.22 4.22l1.42 1.42M18.36 18.36l1.42 1.42M1 12h2M21 12h2M4.22 19.78l1.42-1.42M18.36 5.64l1.42-1.42"
        />
      </svg>
    </div>
  </div>
  <input
    aria-checked="true"
    aria-label="Theme Switcher"
    checked=""
    role="switch"
    style="border: 0px; height: 1px; margin: -1px; overflow: hidden; padding: 0px; position: absolute; width: 1px;"
    type="checkbox"
  />
</div>
`;
