// Jest Snapshot v1, https://goo.gl/fbAQLP

exports[`<Heading /> should render the Heading 1`] = `
.c0 {
  font-weight: 500;
  font-size: 1.5rem;
  color: #20242A;
}

<h1
  class="c0"
>
  Hey there
</h1>
`;
