// Jest Snapshot v1, https://goo.gl/fbAQLP

exports[`<Link /> should render the Link 1`] = `
.c0 {
  --tw-translate-x: 0;
  --tw-translate-y: 0;
  --tw-rotate: 0;
  --tw-skew-x: 0;
  --tw-skew-y: 0;
  --tw-scale-x: 1;
  --tw-scale-y: 1;
  -webkit-transform: translateX(var(--tw-translate-x)) translateY(var(--tw-translate-y)) rotate(var(--tw-rotate)) skewX(var(--tw-skew-x)) skewY(var(--tw-skew-y)) scaleX(var(--tw-scale-x)) scaleY(var(--tw-scale-y));
  -ms-transform: translateX(var(--tw-translate-x)) translateY(var(--tw-translate-y)) rotate(var(--tw-rotate)) skewX(var(--tw-skew-x)) skewY(var(--tw-skew-y)) scaleX(var(--tw-scale-x)) scaleY(var(--tw-scale-y));
  transform: translateX(var(--tw-translate-x)) translateY(var(--tw-translate-y)) rotate(var(--tw-rotate)) skewX(var(--tw-skew-x)) skewY(var(--tw-skew-y)) scaleX(var(--tw-scale-x)) scaleY(var(--tw-scale-y));
  -webkit-transition-property: background-color,border-color,color,fill,stroke,opacity,box-shadow,-webkit-transform,filter,backdrop-filter;
  -webkit-transition-property: background-color,border-color,color,fill,stroke,opacity,box-shadow,transform,filter,backdrop-filter;
  transition-property: background-color,border-color,color,fill,stroke,opacity,box-shadow,transform,filter,backdrop-filter;
  -webkit-transition-timing-function: cubic-bezier(0,0,0.2,1);
  transition-timing-function: cubic-bezier(0,0,0.2,1);
  -webkit-transition-duration: 700ms;
  transition-duration: 700ms;
  font-size: 1.4rem;
  font-weight: 500;
  -webkit-text-decoration: none;
  text-decoration: none;
  display: inline-block;
  position: relative;
  padding-left: 1rem;
  padding-right: 1.25rem;
  color: #CCAF81;
}

.c0:after,
.c0:before {
  position: absolute;
  display: inline-block;
  width: 1.25rem;
  top: 1.25rem;
  content: '';
  height: 1px;
  background-color: #FF8D4D;
}

.c0:after {
  margin-left: 0.75rem;
}

.c0:before {
  margin-left: -2rem;
}

.c0:hover {
  color: #FF8D4D;
}

.c0:hover:after,
.c0:hover:before {
  --tw-translate-x: 0;
  --tw-translate-y: 0;
  --tw-rotate: 0;
  --tw-skew-x: 0;
  --tw-skew-y: 0;
  --tw-scale-x: 1.25;
  --tw-scale-y: 1;
  -webkit-transform: translateX(var(--tw-translate-x)) translateY(var(--tw-translate-y)) rotate(var(--tw-rotate)) skewX(var(--tw-skew-x)) skewY(var(--tw-skew-y)) scaleX(var(--tw-scale-x)) scaleY(var(--tw-scale-y));
  -ms-transform: translateX(var(--tw-translate-x)) translateY(var(--tw-translate-y)) rotate(var(--tw-rotate)) skewX(var(--tw-skew-x)) skewY(var(--tw-skew-y)) scaleX(var(--tw-scale-x)) scaleY(var(--tw-scale-y));
  transform: translateX(var(--tw-translate-x)) translateY(var(--tw-translate-y)) rotate(var(--tw-rotate)) skewX(var(--tw-skew-x)) skewY(var(--tw-skew-y)) scaleX(var(--tw-scale-x)) scaleY(var(--tw-scale-y));
  -webkit-transition-property: background-color,border-color,color,fill,stroke,opacity,box-shadow,-webkit-transform,filter,backdrop-filter;
  -webkit-transition-property: background-color,border-color,color,fill,stroke,opacity,box-shadow,transform,filter,backdrop-filter;
  transition-property: background-color,border-color,color,fill,stroke,opacity,box-shadow,transform,filter,backdrop-filter;
  -webkit-transition-timing-function: cubic-bezier(0,0,0.2,1);
  transition-timing-function: cubic-bezier(0,0,0.2,1);
  -webkit-transition-duration: 700ms;
  transition-duration: 700ms;
}

<a
  aria-label="I am a link"
  class="c0"
  href="/"
>
  I am a link
</a>
`;
